= Lab 2-2a : SQL을 사용한 무결성 제약조건 설정 (MySQL)

== 연습 1 SQL을 사용하여 개체 무결성을 위한 기본 키 제약조건 설정

이 연습에서는 SQL을 사용하여 연습 2-1에서 생성한 두 릴레이션에 무결성 제약조건을 설정합니다. 도메인 제약조건은 릴레이션 스키마에 이미 정의되어 적용되었으므로, 개체 무결성과 참조 무결성을 유지하기 위한 무결성 제약조건을 설정합니다. 아래 절차에 따릅니다.

=== MySQL에 접근하고 현재 데이터베이스 설정

. macOS에서는 터미널, Windows에서는 명령 프롬프트를 실행합니다.
. 아래 명령을 실행하여 MySQL 콘솔에 접근합니다.
+
----
$ mysql -U root -P
Enter password:
----
+
. 아래 명령을 수행하여 DBMS에 생성된 데이터베이스를 확인합니다.
+
[source, sql]
----
mysql> show databases;
----
+
명령의 실행 결과는 아래와 유사할 것입니다:
+
----
+--------------------+
| Database           |
+--------------------+
| Module02           |
| information_schema |
| mysql              |
| performance_schema |
| sys                |
+--------------------+
----
+
. 아래 명령을 실행하여 현재 데이터베이스를 확인합니다.
+
[source, sql]
----
SELECT database();
----
+
명령의 실행 결과는 아래와 같습니다.
+
----
+------------+
| database() |
+------------+
| NULL       |
+------------+
1 row in set (0.00 sec)
----
+
. 아래 명령을 실행하여 현재 데이터베이스를 `Module02` 로 변경합니다.
+
[source, sql]
----
mysql> use Module02;
----
+
명령의 실행 결과는 아래와 같습니다.
+
----
Database changed
----
+
. 아래 명령을 실행하여 현재 데이터베이스를 확인합니다.
+
[source, sql]
----
SELECT database();
----
+
명령의 실행 결과는 아래와 같습니다.
+
----
+------------+
| database() |
+------------+
| Module02   |
+------------+
1 row in set (0.00 sec)
----

=== `Category` 릴레이션에 기본 키 제약조건 설정

. 아래 명령을 실행하여 `Module02` 데이터베이스에 생성된 릴레이션(테이블)들을 확인합니다.
+
[source, sql]
----
mysql> show tables;
----
+
명령의 실행 결과는 아래와 유사할 것입니다.
+
----
+--------------------+
| Tables_in_Module02 |
+--------------------+
| Category           |
| Product            |
+--------------------+
2 rows in set (0.01 sec)
----
+
. 아래 명령을 실행하여 `Category` 테이블의 스키마 정보를 확인합니다.
+
[source, sql]
----
mysql> desc Category;
----
+
명령의 실행 결과는 아래와 유사할 것입니다.
+
----
+--------------+-------------+------+-----+---------+-------+
| Field        | Type        | Null | Key | Default | Extra |
+--------------+-------------+------+-----+---------+-------+
| CategoryNo   | int         | YES  |     | NULL    |       |
| CategoryName | varchar(20) | YES  |     | NULL    |       |
+--------------+-------------+------+-----+---------+-------+
2 rows in set (0.01 sec)
----
+
. 아래 질의를 실행하여 `Category` 테이블의 `CategoryNo` 컬럼에 기본 키 제약조건을 추가합니다.
+
[source, sql]
----
mysql> ALTER TABLE Category ADD CONSTRAINT pk_Category PRIMARY KEY(CategoryNo);
----
+
질의가 성공적으로 수행되면 결과는 아래와 유사할 것입니다.
+
----
Query OK, 0 rows affected (0.10 sec)
Records: 0  Duplicates: 0  Warnings: 0
----
+
. 아래 명령을 다시 실행하여 `Category` 테이블의 스키마 정보를 다시 확인합니다.
+
[source, sql]
----
mysql> desc Category;
----
+
명령이 실행되면 결과는 아래와 같을 것입니다. `Category` 테이블의 `CategoryNo` 필드에 기본 키 제약조건이 적용되었습니다.
+
----
+--------------+-------------+------+-----+---------+-------+
| Field        | Type        | Null | Key | Default | Extra |
+--------------+-------------+------+-----+---------+-------+
| CategoryNo   | int         | YES  | PRI | NUL     |       |
| CategoryName | varchar(20) | YES  |     | NUL     |       |
+--------------+-------------+------+-----+---------+-------+
2 rows in set (0.01 sec)
----
+
. 아래 질의를 실행하여 `Category` 테이블의 데이터를 확인합니다.
+
[source, sql]
----
mysql> SELECT * FROM Category;
----
+
질의가 성공적으로 수행되면 아래와 유사한 결과를 반환할 것입니다.
+
----
+------------+--------------+
| CategoryNo | CategoryName |
+------------+--------------+
|          1 | Novel        |
|          3 | History      |
+------------+--------------+
2 rows in set (0.00 sec)
----
+
. 아래 질의를 실행하여 `Category` 테이블에 데이터를 삽입합니다.
+
[source, sql]
----
mysql> INSERT INTO Category (CategoryNo, CategoryName) VALUES (3, 'Science');
----
+
질의는 성공적으로 수행되지 않습니다. `Category` 테이블에 개체 무결성을 위한 기본 키 제약조건(Primary Constraint)이 적용되었고, 기본 키 제약조건에 해당하는 컬럼은 중복되는 값을 저장할 수 없습니다. 결과는 아래와 같습니다.
+
----
ERROR 1062 (23000): Duplicate entry '3' for key 'Category.PRIMARY'
----

=== Product 릴레이션에 기본 키 제약조건 설정
. 아래 명령을 실행하여 `Product` 테이블의 스키마 정보를 확인합니다.
+
[source, sql]
----
mysql> desc Product;
----
+
명령의 실행결과는 아래와 유사할 것입니다.
+
----
+-------------+---------------+------+-----+---------+-------+
| Field       | Type          | Null | Key | Default | Extra |
+-------------+---------------+------+-----+---------+-------+
| ProductNo   | int           | YES  |     | NULL    |       |
| ProductName | varchar(30)   | YES  |     | NULL    |       |
| Price       | decimal(10,0) | YES  |     | NULL    |       |
| CategoryNo  | int           | YES  |     | NULL    |       |
+-------------+---------------+------+-----+---------+-------+
5 rows in set (0.01 sec)
----
+
. 아래 질의를 실행하여 `Product` 테이블의 `ProductNo` 컬럼에 기본 키 제약조건을 추가합니다.
+
[source, sql]
----
mysql> ALTER TABLE Product ADD CONSTRAINT pk_Product PRIMARY KEY(ProductNo);
----
+
질의가 성공적으로 수행되면 결과는 아래와 유사할 것입니다.
+
----
Query OK, 0 rows affected (0.10 sec)
Records: 0  Duplicates: 0  Warnings: 0
----
. 아래 질의를 실행하여 Product 테이블의 스키마 정보를 다시 확인합니다.
+
[source, sql]
----
mysql> desc Product;
----
+
명령의 실행결과는 아래와 유사할 것입니다. Product 테이블의 ProductNo 필드에 기본 키 제약조건이 적용되었습니다.
+
----
+-------------+---------------+------+-----+---------+-------+
| Field       | Type          | Null | Key | Default | Extra |
+-------------+---------------+------+-----+---------+-------+
| ProductNo   | int           | YES  | PRI  | NULL   |       |
| ModelNumber | char(12)      | YES  |      | NULL   |       |
| ProductName | varchar(30)   | YES  |      | NULL   |       |
| Price       | decimal(10,0) | YES  |      | NULL   |       |
| CategoryNo  | int           | YES  |      | NULL   |       |
+-------------+---------------+------+-----+---------+-------+
5 rows in set (0.01 sec)
----
. 아래 질의를 실행하여 Product 테이블의 데이터를 확인합니다.
+
[source, sql]
----
mysql> SELECT ProductNo, ProductName, Price, CategoryNo FROM Product;
----
+
질의가 수행되면 결과는 아래와 같을 것입니다.
+
----
Empty set (0.00 sec)
----
+
. 아래 질의를 실행하여 Product 테이블에 데이터를 삽입합니다.
+
[source, sql]
----
mysql> INSERT INTO Product (ProductNo, ProductName, Price) VALUES (20101927, 'The Second World War', 37800);
----
+
질의가 수행되면 결과는 아래와 같을 것입니다.
+
----
Query OK, 1 row affected (0.02 sec)
----
+
. 아래 질의를 실행하여 Product 테이블의 데이터를 확인합니다.
+
[source, sql]
----
mysql> SELECT * FROM Product;
----
+
질의가 수행되면 결과는 아래와 같을 것입니다.
+
----
+-----------+-------------+-------------+-------+------------+
| ProductNo | ModelNumber | ProductName | Price | CategoryNo |
+-----------+-------------+-------------+-------+------------+
|  20101927 | NULL        | 2           | 37800 |       NULL |
+-----------+-------------+-------------+-------+------------+
1 row in set (0.00 sec)
----

== 연습 2 SQL을 사용하여 참조 무결성을 위한 외래 키 제약조건 설정

여기에서는 `Product` 릴레이션의 `CategoryNo` 속성이 `Category` 릴레이션의 `CategoryNo` 속성을 참조하도록 제약조건을 설정합니다. 아래 절차에 따릅니다.

. 아래 질의를 실행하여 `Product` 테이블의 `CategoryNo` 필드에 외래 키 제약조건을 적용합니다. 이 제약조건은 `Category` 테이블의 `CategoryNo` 필드를 참조합니다.
+
[source, sql]
----
mysql> ALTER TABLE Product ADD CONSTRAINT fk_Product_Category FOREIGN KEY(CategoryNo) REFERENCES Category(CategoryNo);
----
+
질의가 성공적으로 수행되면 결과는 아래와 같을 것입니다.
+
----
Records: 1  Duplicates: 0  Warnings: 0
----
+
. 아래 질의를 실행하여 `Category` 테이블의 값을 확인합니다. `Category` 테이블에는 두 개의 투플이 있으며, `CategoryNo` 필드의 데이터는 각각 1 3입니다.
+
[source, sql]
----
mysql> SELECT * FROM Category;
----
+
질의가 성공적으로 수행되면 아래와 유사한 결과를 반환할 것입니다.
+
----
+------------+--------------+
| CategoryNo | CategoryName |
+------------+--------------+
|         1  | Novel        |
|         3  | History      |
+------------+--------------+
----
. 아래 질의를 실행하여 `Product` 테이블의 `ProductNo` 가 20101927인 투플의 `CategoryNo` 필드의 값을 2로 변경합니다.
+
[source, sql]
----
mysql> UPDATE Product SET
    -> CategoryNo = 2
    -> WHERE ProductNo = 20101927;
----
+
질의는 거부됩니다. `Product` 테이블에서 `CategoryNo` 필드 값으로 업데이트하려는 2는 `Category` 테이블의 `CategoryNo` 필드에 존재하지 않습니다. 결과는 아래와 같습니다.
+
----
ERROR 1452 (23000): Cannot add or update a child row: a foreign key constraint fails (`Module02`.`Product`, CONSTRAINT `fk_Product_Category` FOREIGN KEY (`CategoryNo`) REFERENCES `Category` (`CategoryNo`))
----
+
. 아래 질의를 실행하여 Product 테이블의 ProductNo가 20101927인 투플의 CategoryNo 필드의 값을 3으로 변경합니다.
+
[source, sql]
----
mysql> UPDATE Product SET
    -> CategoryNo = 3
    -> WHERE ProductNo = 20101927;
----
+
질의가 성공적으로 수행되면 결과는 아래와 같습니다.
+
----
Rows matched: 1  Changed: 1  Warnings: 0
----
+
. 아래 질의를 수행하여 Product 테이블의 데이터를 확인합니다.
+
[source, sql]
----
mysql> SELECT * FROM Product;
----
+
질의가 수행되면 결과는 아래와 같을 것입니다.
+
----
+-----------+-------------+-------------+-------+------------+
| ProductNo | ModelNumber | ProductName | Price | CategoryNo |
+-----------+-------------+-------------+-------+------------+
|  20101927 | NULL        | 2           | 37800 |          3 |
+-----------+-------------+-------------+-------+------------+
1 row in set (0.00 sec)
----
+
. 아래 질의를 수행하여 `Product` 테이블에 데이터를 삽입합니다.
+
[source, sql]
----
mysql> INSERT INTO Product (ProductNo, ProductName, Price, CategoryNo) VALUES (97422537, 'Hobbit', 28800, 1);
mysql> INSERT INTO Product (ProductNo, ProductName, Price, CategoryNo) VALUES (97422515, 'Lord of the Rings 1', 28800, 1);
----
+
. 아래 질의를 수행하여 `Product` 테이블의 데이터를 확인합니다.
+
[source, sql]
----
mysql> SELECT * FROM Product;
----
+
질의가 수행되면 결과는 아래와 같을 것입니다.
+
----
+-----------+-------------+----------------------+-------+------------+
| ProductNo | ModelNumber | ProductName          | Price | CategoryNo |
+-----------+-------------+----------------------+-------+------------+
|  20101927 | NULL        | The Second World War | 37800 |          3 |
|  97422515 | NULL        | Lord of the Rings 1  | 28800 |          1 |
|  97422537 | NULL        | Hobbit               | 28800 |          1 |
+-----------+-------------+----------------------+-------+------------+
3 rows in set (0.00 sec)
----

=== 참조하는 릴레이션에 없는 값에 대한 삽입이 시도되는 경우

. 아래 질의를 실행하여 Product 테이블에 데이터 삽입을 시도합니다.
+
[source, sql]
----
mysql> INSERT INTO Product (ProductNo, ProductName, Price, CategoryNo) VALUES (2312211, 'Cosmos', 28800, 2);
----
+
질의는 성공적으로 수행되지 않습니다. `Product` 테이블에 참조 무결성을 위한 외래 키 제약조건(Foreign Key Constraint)이 적용되었고, `Product` 테이블의 `CategoryNo` 필드는 `Category` 테이블의 `CategoryNo` 필드를 참조합니다. `Category` 테이블에는 `CategoryNo` 필드의 값이 2인 투플은 존재하지 않습니다 결과는 아래와 같습니다.
+
----
ERROR 1452 (23000): Cannot add or update a child row: a foreign key constraint fails (`Module02`.`Product`, CONSTRAINT `fk_Product_Category` FOREIGN KEY (`CategoryNo`) REFERENCES `Category` (`CategoryNo`))
----
. 아래 질의를 실행하여 `Category` 테이블에 데이터를 삽입합니다.
+
[source, sql]
----
mysql> INSERT INTO Category VALUES (2, 'Science');
----
+
질의가 성공적으로 수행되면 결과는 아래와 같을 것입니다.
+
----
Query OK, 1 row affected (0.01 sec)
----
. 아래 질의를 실행하여 `Category` 테이블의 데이터를 확인합니다.
+
----
mysql> SELECT * FROM Category;
----
+
질의가 실행되면 결과는 아래와 유사할 것입니다.
+
----
+------------+--------------+
| CategoryNo | CategoryName |
+------------+--------------+
|          1 | Novel        |
|          2 | Science      |
|          3 | History      |
+------------+--------------+
3 rows in set (0.00 sec)
----
+
. 아래 질의를 다시 실행하여 `Product` 테이블에 데이터를 삽입합니다.
+
[source, sql]
----
mysql> INSERT INTO Product (ProductNo, ProductName, Price, CategoryNo) VALUES (2312211, 'Cosmos', 28800, 2);
----
+
질의가 성공적으로 수행되면 결과는 아래와 같을 것입니다.
+
----
Query OK, 1 row affected (0.01 sec)
----

=== 참조 릴레이션의 데이터가 삭제되는 경우

현재 `Category` 릴레이션과 `Product` 릴레이션의 데이터는 아래와 같습니다.

image:../images/image11.png[]
 
. 아래 질의를 실행하여 `Category` 테이블에서 `CategoryNo` 가 2인 투플 삭제를 시도합니다.
+
[source, sql]
----
mysql> DELETE FROM Category WHERE CategoryNo = 2;
----
+
질의는 성공적으로 수행되지 않습니다. `Product` 테이블에 참조 무결성을 위한 외래 키 제약조건(Foreign Key Constraint)가 적용되었고, `Product` 테이블의 `CategoryNo` 필드는 `Category` 테이블의 `CategoryNo` 필드를 참조합니다. `Product` 테이블에는 `CategoryNo` 가 2인 투플이 존재하고, `Category`` 테이블의 `CategoryNo` 가 2인 투플이 삭제되면 `Product` 테이블의 `CategoryNo` 가 2인 투플의 무결성은 지켜지지 않습니다.  결과는 아래와 같습니다.
+
----
ERROR 1451 (23000): Cannot delete or update a parent row: a foreign key constraint fails (`Module02`.`Product`, CONSTRAINT `fk_Product_Category` FOREIGN KEY (`CategoryNo`) REFERENCES `Category` (`CategoryNo`))
----
. 아래 질의를 수행하여 `Product` 테이블의 제약조건을 확인합니다.
+
[source, sql]
----
mysql> SELECT CONSTRAINT_NAME, CONSTRAINT_TYPE FROM information_schema.table_constraints WHERE table_name = 'Product';
----
+
명령이 성공적으로 실행되면 결과는 아래와 유사할 것입니다.
+
----
+---------------------+-----------------+
| CONSTRAINT_NAME     | CONSTRAINT_TYPE |
+---------------------+-----------------+
| PRIMARY             | PRIMARY KEY     |
| fk_Product_Category | FOREIGN KEY     |
+---------------------+-----------------+
2 rows in set (0.00 sec)
----
. 아래 질의를 수행하여 `Product` 테이블의 `fk_Product_Category` 제약 조건을 삭제합니다.
+
[source, sql]
----
mysql> ALTER TABLE Product DROP CONSTRAINT fk_Product_Category;
----
+
질의가 성공적으로 수행되면 결과는 아래와 유사할 것입니다.
+
----
Query OK, 0 rows affected (0.03 sec)
Records: 0  Duplicates: 0  Warnings: 0
----
+
. 아래 질의를 수행하여 `Product` 테이블에 외래 키 제약 조건을 다시 적용합니다. 제약조건에 `ON DELETE CASCADE` 를 추가하여 참조 릴레이션의 투플이 삭제되면 외래 키가 존재하는 테이블의 해당 투플을 모두 삭제되도록 적용합니다.
+
[source, sql]
----
mysql> ALTER TABLE Product ADD CONSTRAINT fk_Product_Category FOREIGN KEY(CategoryNo) REFERENCES Category(CategoryNo) ON DELETE CASCADE;
----
+
질의가 성공적으로 수행되면 결과는 아래와 같습니다.
+
----
Query OK, 4 rows affected (0.07 sec)
Records: 4  Duplicates: 0  Warnings: 0
----
+
. 아래 질의를 실행하여 Category 테이블에서 CategoryNo가 2인 투플을 삭제합니다.
+
[source, sql]
----
mysql> DELETE FROM Category WHERE CategoryNo = 2;
----
+
쿼리가 성공적으로 수행되면 결과는 아래와 같습니다.
+
----
Query OK, 1 row affected (0.02 sec)
----
+
. 아래 질의를 실행하여 Category 테이블의 데이터를 확인합니다.
+
[source, sql]
----
mysql> SELECT * FROM Category;
----
+
쿼리가 수행되면 결과는 아래와 같을 것입니다.
+
----
+------------+--------------+
| CategoryNo | CategoryName |
+------------+--------------+
|          1 | Novel        |
|          3 | History      |
+------------+--------------+
2 rows in set (0.00 sec)
----
+
. 아래 질의를 수행하여 Product 테이블의 데이터를 확인합니다.
+
[source, sql]
----
mysql> SELECT * FROM Product;
----
+
외래 키 제약조건이 `ON DELETE CASCADE` 로 적용되면 참조 테이블의 투플이 삭제될 때 이를 참조하는 테이블의 모든 투플이 삭제됩니다. 결과는 아래와 유사할 것입니다.
+
----
+-----------+-------------+----------------------+-------+------------+
| ProductNo | ModelNumber | ProductName          | Price | CategoryNo |
+-----------+-------------+----------------------+-------+------------+
|  20101927 | NULL        | The Second World War | 37800 |          3 |
|  97422515 | NULL        | Lord of the Rings 1  | 28800 |          1 |
|  97422537 | NULL        | Hobbit               | 28800 |          1 |
+-----------+-------------+----------------------+-------+------------+
3 rows in set (0.00 sec)
----
. 아래 질의를 수행하여 `Product` 테이블의 `fk_Product_Category` 제약 조건을 삭제합니다.
+
[source, sql]
----
mysql> ALTER TABLE Product DROP CONSTRAINT fk_Product_Category;
----
+
질의가 성공적으로 수행되면 결과는 아래와 유사할 것입니다.
+
----
Query OK, 0 rows affected (0.03 sec)
Records: 0  Duplicates: 0  Warnings: 0
----
. 아래 질의를 수행하여 `Product` 테이블에 외래 키 제약 조건을 다시 적용합니다. 제약조건에 `ON DELETE SET NULL` 을 추가하여 참조 릴레이션의 투플이 삭제되면 외래 키가 존재하는 테이블의 해당 투플의 데이터가 `NULL` 로 지정되도록 적용합니다.
+
[source, sql]
----
mysql> ALTER TABLE Product ADD CONSTRAINT fk_Product_Category FOREIGN KEY(CategoryNo) REFERENCES Category(CategoryNo) ON DELETE SET NULL;
----
+
질의가 성공적으로 수행되면 결과는 아래와 같습니다.
+
----
Query OK, 4 rows affected (0.07 sec)
Records: 4  Duplicates: 0  Warnings: 0
----
+
. 아래 질의를 수행하여 `Category` 테이블에서 `CategoryNo` 값이 3인 투플을 삭제합니다.
+
[source, sql]
----
mysql> DELETE FROM Category WHERE CategoryNo = 3;
----
+
질의가 성공적으로 수행되면 결과는 아래와 같을 것입니다.
+
----
Query OK, 1 row affected (0.01 sec)
----
. 아래 질의를 수행하여 Product 테이블의 데이터를 확인합니다.
+
[source, sql]
----
mysql> SELECT * FROM Product;
----
+
외래 키 제약조건이 `ON DELETE SET NULL` 로 적용되면 참조 테이블의 투플이 삭제될 때 이를 참조하는 테이블의 모든 투플의 해당 값이 `NULL` 로 지정됩니다. 결과는 아래와 유사할 것입니다.
+
----
+-----------+-------------+----------------------+-------+------------+
| ProductNo | ModelNumber | ProductName          | Price | CategoryNo |
+-----------+-------------+----------------------+-------+------------+
|  20101927 | NULL        | The Second World War | 37800 |       NULL |
|  97422515 | NULL        | Lord of the Rings 1  | 28800 |          1 |
|  97422537 | NULL        | Hobbit               | 28800 |          1 |
+-----------+-------------+----------------------+-------+------------+
3 rows in set (0.00 sec)
----
+
. 아래 질의를 수행하여 Product 테이블의 fk_Product_Category 제약 조건을 삭제합니다.
+
[source, sql]
----
mysql> ALTER TABLE Product DROP CONSTRAINT fk_Product_Category;
----
+
질의가 성공적으로 수행되면 결과는 아래와 유사할 것입니다.
+
----
Query OK, 0 rows affected (0.03 sec)
Records: 0  Duplicates: 0  Warnings: 0
----
+
. 아래 질의를 수행하여 Product 테이블에 외래 키 제약 조건을 다시 적용합니다. 제약조건에 ON DELETE NO ACTION을 추가하여 삭제를 시도하는 릴레이션의 투플의 해당 필드를 참조하는 다른 릴레이션의 데이터가 존재할 경우 질의 실행이 거부되도록 적용합니다.
+
[source, sql]
----
mysql> ALTER TABLE Product ADD CONSTRAINT fk_Product_Category FOREIGN KEY(CategoryNo) REFERENCES Category(CategoryNo) ON DELETE NO ACTION;
----
+
질의가 성공적으로 수행되면 결과는 아래와 같습니다.
+
----
Query OK, 4 rows affected (0.07 sec)
Records: 4  Duplicates: 0  Warnings: 0
----
+
. 아래 질의를 수행하여 Category 테이블에서 CategoryNo 필드의 값이 1인 투플의 삭제를 시도합니다.
+
[source, sql]
----
mysql> DELETE FROM Category WHERE CategoryNo = 1;
----
+
외래 키 제약조건이 `ON DELETE NO ACTION` 으로 적용되면 삭제를 시도하는 릴레이션의 투플의 해당 필드를 참조하는 다른 릴레이션의 데이터가 존재할 경우 질의 실행이 거부됩니다. 결과는 아래와 유사할 것입니다.
+
----
ERROR 1451 (23000): Cannot delete or update a parent row: a foreign key constraint fails (`Module02`.`Product`, CONSTRAINT `fk_Product_Category` FOREIGN KEY (`CategoryNo`) REFERENCES `Category` (`CategoryNo`))
----

=== 참조 릴레이션의 데이터가 갱신되는 경우

. 아래 질의를 수행하여 Product 테이블의 fk_Product_Category 제약 조건을 삭제합니다.
+
[source, sql]
----
mysql> ALTER TABLE Product DROP CONSTRAINT fk_Product_Category;
----
+
질의가 성공적으로 수행되면 결과는 아래와 유사할 것입니다.
+
----
Query OK, 0 rows affected (0.03 sec)
Records: 0  Duplicates: 0  Warnings: 0
----
+
. 아래 질의를 수행하여 `Product` 테이블에 외래 키 제약 조건을 다시 적용합니다. 제약조건에 `ON UPDATE CASCADE` 을 추가하여 투플의 해당 필드 값이 갱신될 경우 해당 값을 참조하는 모든 릴레이션의 필드 값이 같이 갱신되도록 지정합니다.
+
[source, sql]
----
mysql> ALTER TABLE Product ADD CONSTRAINT fk_Product_Category FOREIGN KEY(CategoryNo) REFERENCES Category(CategoryNo) ON UPDATE CASCADE;
----
+
질의가 성공적으로 수행되는 결과는 아래와 유사할 것입니다.
+
----
Query OK, 3 rows affected (0.05 sec)
Records: 3  Duplicates: 0  Warnings: 0
----
+
. 아래 질의를 수행하여 `Category` 테이블의 `CategoryNo` 가 1인 투플의 `CategoryNo` 필드 값을 2로 갱신합니다.
+
[source, sql]
----
mysql> UPDATE Category SET CategoryNo = 2 WHERE CategoryNo = 1;
----
+
질의가 성공적으로 수행되면 결과는 아래와 유사할 것입니다.
+
----
Query OK, 1 row affected (0.01 sec)
Rows matched: 1  Changed: 1  Warnings: 0
----
. 아래 질의를 수행하여 `Product` 테이블의 데이터를 확인합니다.
+
[source, sql]
----
mysql> SELECT * FROM Product;
----
+
질의가 성공적으로 수행되면 결과는 아래와 유사할 것입니다.
+
----
+-----------+-------------+----------------------+-------+------------+
| ProductNo | ModelNumber | ProductName          | Price | CategoryNo |
+-----------+-------------+----------------------+-------+------------+
|  20101927 | NULL        | The Second World War | 37800 |       NULL |
|  97422515 | NULL        | Lord of the Rings 1  | 28800 |          2 |
|  97422537 | NULL        | Hobbit               | 28800 |          2 |
+-----------+-------------+----------------------+-------+------------+
3 rows in set (0.00 sec)
----
+
. 아래 질의를 수행하여 `Product` 테이블의 `fk_Product_Category` 제약 조건을 삭제합니다.
+
[source, sql]
----
mysql> ALTER TABLE Product DROP CONSTRAINT fk_Product_Category;
----
+
질의가 성공적으로 수행되면 결과는 아래와 유사할 것입니다.
+
----
Query OK, 0 rows affected (0.03 sec)
Records: 0  Duplicates: 0  Warnings: 0
----
+
. 아래 질의를 수행하여 `Product` 테이블에 외래 키 제약 조건을 다시 적용합니다. 제약조건에 `ON UPDATE NO ACTION` 을 추가하여 갱신을 시도하는 릴레이션의 투플의 해당 필드를 참조하는 다른 릴레이션의 데이터가 존재할 경우 질의 실행이 거부되도록 적용합니다.
+
[source, sql]
----
mysql> ALTER TABLE Product ADD CONSTRAINT fk_Product_Category FOREIGN KEY(CategoryNo) REFERENCES Category(CategoryNo) ON UPDATE NO ACTION;
----
+
질의가 성공적으로 수행되는 결과는 아래와 유사할 것입니다.
+
----
Query OK, 3 rows affected (0.05 sec)
Records: 3  Duplicates: 0  Warnings: 0
----
+
. 아래 질의를 수행하여 `Category` 테이블의 `CategoryNo` 가 2인 투플의 `CategoryNo` 필드 값을 1로 갱신합니다.
+
[source, sql]
----
mysql> UPDATE Category SET CategoryNo = 1 WHERE CategoryNo = 2;
----
+
외래 키 제약조건이 `ON DELETE NO ACTION` 으로 적용되면 갱신을 시도하는 릴레이션의 투플의 해당 필드를 참조하는 다른 릴레이션의 데이터가 존재할 경우 질의 실행이 거부됩니다. 결과는 아래와 유사할 것입니다.
+
----
ERROR 1451 (23000): Cannot delete or update a parent row: a foreign key constraint fails (`Module02`.`Product`, CONSTRAINT `fk_Product_Category` FOREIGN KEY (`CategoryNo`) REFERENCES `Category` (`CategoryNo`))
----
+
. 아래 질의를 수행하여 `Product` 테이블의 `fk_Product_Category` 제약 조건을 삭제합니다.
+
[source, sql]
----
mysql> ALTER TABLE Product DROP CONSTRAINT fk_Product_Category;
----
+
질의가 성공적으로 수행되면 결과는 아래와 유사할 것입니다.
+
----
Query OK, 0 rows affected (0.03 sec)
Records: 0  Duplicates: 0  Warnings: 0
----
+
. 아래 질의를 수행하여 `Product` 테이블에 외래 키 제약 조건을 다시 적용합니다. 제약조건에 `ON DELETE SET NULL`  추가하여 참조 릴레이션의 투플의 해당 필드 값이 갱신되면 외래 키가 존재하는 테이블의 해당 투플의 데이터가 `NULL` 로 지정되도록 적용합니다.
+
[source, sql]
----
mysql> ALTER TABLE Product ADD CONSTRAINT fk_Product_Category FOREIGN KEY(CategoryNo) REFERENCES Category(CategoryNo) ON UPDATE SET NULL;
----
+
질의가 성공적으로 수행되면 결과는 아래와 같습니다.
+
----
Query OK, 4 rows affected (0.07 sec)
Records: 4  Duplicates: 0  Warnings: 0
----
+
. 아래 질의를 수행하여 `Category` 테이블의 `CategoryNo` 가 2인 투플의 `CategoryNo` 필드 값을 1로 갱신합니다.
+
[source, sql]
----
mysql> UPDATE Category SET CategoryNo = 1 WHERE CategoryNo = 2;
----
+
외래 키 제약조건이 `ON DELETE SET NULL` 로 적용되면 갱신을 시도하는 릴레이션의 투플의 해당 필드를 참조하는 다른 릴레이션의 데이터가 `NULL` 로 갱신됩니다. 결과는 아래와 유사할 것입니다.
+
----
+-----------+-------------+----------------------+-------+------------+
| ProductNo | ModelNumber | ProductName          | Price | CategoryNo |
+-----------+-------------+----------------------+-------+------------+
|  20101927 | NULL        | The Second World War | 37800 |       NULL |
|  97422515 | NULL        | Lord of the Rings 1  | 28800 |       NULL |
|  97422537 | NULL        | Hobbit               | 28800 |       NULL |
+-----------+-------------+----------------------+-------+------------+
3 rows in set (0.00 sec)
----

---

link:./04-3_sql.adoc[이전: SQL] +
link:./04-Lab2-2b.adoc[Lab 2-2b : SQL을 사용한 무결성 제약조건 설정 (Microsoft SQL Server)]