= Lab 6-1: 테이블 생성 (MySQL)

이 연습에서는 아래 릴레이션 스키마를 가지는 릴레이션 인스턴스(테이블)을 생성합니다.

_Passenger(PassengerNo: Integer, PassengerName: String, Grade: Integer, Age: Integer) +
Aircraft(AircraftNo: Integer, KindOfAircraft: String, Airline: String) +
Flight(FlightNo: Integer, AircraftNo: Integer, Departure: Int, Arrival:String, FlightDate: Date, AircraftNo: Integer) +
Reservation(PassengerNo: Integer, FlightNo: Integer, ReservedDate: Date, FlightNo: Integer, PassengerNo: Integer)_

== 연습 1: Module06 데이터베이스 생성

이 연습에서는 `Passenger`테이블을 생성합니다. 아래 절차에 따릅니다.

. macOS에서는 터미널, Windows에서는 명령 프롬프트를 실행합니다.
. 아래 명령을 실행하여 MySQL 콘솔에 접근합니다.
+
----
$ mysql -u root -p
Enter password:
----
+
. 아래 명령을 수행하여 DBMS에 생성된 데이터베이스를 확인합니다.
+
[source, sql]
----
mysql> show databases;
----
+
명령의 실행 결과는 아래와 유사할 것입니다:
+
----
+--------------------+
| Database           |
+--------------------+
| Module02           |
| Module03           |
| information_schema |
| mysql              |
| performance_schema |
| sys                |
+--------------------+
----
+
. 아래 질의를 수행하여 `Module06` 데이터베이스를 생성합니다.
+
[source, sql]
----
mysql> CREAET DATABASE Module06;
----
+
. 아래 명령을 수행하여 DBMS에 생성된 데이터베이스를 확인합니다.
+
[source, sql]
----
mysql> show databases;
----
+
실행 결과는 아래와 유사할 것입니다.
+
----
+--------------------+
| Database           |
+--------------------+
| Module02           |
| Module03           |
| Module06           |
| information_schema |
| mysql              |
| performance_schema |
| sys                |
+--------------------+
----
+
. 아래 명령을 수행하여 현재 연결 컨텍스트를 확인합니다.
+
[source, sql]
----
mysql> SELLECT database();
----
+
. 아래 명령을 수행하여 연결 컨텍스트를 Module06 데이터베이스로 변경합니다.
+
[source, sql]
----
mysql> use Module06;
----
+
. 아래 명령을 수행하여 현재 연결 컨텍스트를 확인합니다.
+
[source, sql]
----
mysql> SELLECT database();
----
+
실행 결과는 아래와 유사할 것입니다.
+
----
+------------+
| database() |
+------------+
| module06   |
+------------+
----

== 연습 2: Passenger 테이블 생성

이 연습에서는 `Passenger` 테이블을 생성합니다. `Passenger` 테이블은 `Reservation` 테이블과 관계를 가지며, 개체 무결성을 위한 `PRIMARY KEY 제약 조건` 과 `CHECK 제약 조건` 을 가집니다. `Passenger` 테이블의 스키마는 아래와 같습니다.

_Passenger(PassengerNo: Integer, PassengerName: String, Grade: Integer, Age: Integer)_

승객 이름을 나타내는 `PassengerName` 컬럼은 가변 길이 문자열로, 2 바이트 문자 10자로 제한하며, 승객 등급을 표현하는 `Grade` 는 1에서 10까지의 정수형 숫자로 제한합니다.

아래 절차에 따릅니다.

. MySQL 콘솔에서, 아래 명령을 수행하여 현재 연결 컨텍스트를 확인합니다.
+
[source, sql]
----
mysql> SELLECT database();
----
+
실행 결과는 아래와 유사할 것입니다.
+
----
+------------+
| database() |
+------------+
| module06   |
+------------+
----
+
. 아래 질의를 수행하여 `Passenger` 테이블을 생성합니다.
A.	테이블의 이름은 `Passenger` 입니다.
B.	`PassengerNo` 컬럼의 타입은 `int` 이며, 기본 키로 지정됩니다. 기본 키의 이름은 `pk_Passenger` 입니다.
C.	`PassengerName`` 컬럼은 `nvarchar(10)` 으로 지정하며, `NULL` 을 허용하지 않습니다.
D.	`Grade` 컬럼의 타입은 `int` 이며, `CHECK` 제약 조건으로 1부터 10사이의 값으로 지정되며, 기본 값 1로 지정됩니다.
E.	`Age` 컬럼의 타입은 `int` 이며, `NULL`을 허용합니다.
+
[source, sql]
----
mysql> CREATE TABLE Passenger (
    -> PassengerNo int,
    -> PassengerName nvarchar(10) NOT NULL,
    -> Grade int CHECK (Grade >= 1 AND Grade <= 10) DEFAULT 1,
    -> Age int NULL,
    -> CONSTRAINT pk_Passenger PRIMARY KEY(PassengerNo)
    -> );
Query OK, 0 rows affected, 1 warning (0.02 sec)
----
+
. 아래 명령을 수행하여 생성된 테이블을 확인합니다.
+
[source, sql]
----
mysql> show tables;
----
+
결과는 아래와 같을 것입니다:
+
----
+--------------------+
| Tables_in_module06 |
+--------------------+
| passenger          |
+--------------------+
1 row in set (0.00 sec)
----
+
. 아래 명령을 수행하여 생성된 테이블의 상세 정보를 확인합니다.
+
[source, sql]
----
mysql> desc passenger;
----
+
결과는 아래와 같을 것입니다.
+
----
+---------------+-------------+------+-----+---------+-------+
| Field         | Type        | Null | Key | Default | Extra |
+---------------+-------------+------+-----+---------+-------+
| PassengerNo   | int         | NO   | PRI | NULL    |       |
| PassengerName | varchar(10) | NO   |     | NULL    |       |
| Grade         | int         | YES  |     | 1       |       |
| Age           | int         | YES  |     | NULL    |       |
+---------------+-------------+------+-----+---------+-------+
4 rows in set (0.04 sec)
----
+
. 아래 질의를 수행하여 `Passenger` 테이블에 데이터를 삽입합니다.
+
[source, sql]
----
mysql> INSERT INTO Passenger VALUES(1, '홍길동', 7, 44);
Query OK, 1 row affected (0.01 sec)
----
+
. 아래 쿼리를 수행하여 `Passenger` 테이블의 데이터를 확인합니다.
+
[source, sql]
----
mysql> SELECT * FROM Passenger;
----
+
결과는 아래와 같을 것입니다.
+
----
+-------------+---------------+-------+------+
| PassengerNo | PassengerName | Grade | Age  |
+-------------+---------------+-------+------+
|           1 | 홍길동         |   7  |    44 |
+-------------+---------------+-------+------+
1 row in set (0.04 sec)
----
+
. 아래 질의를 수행하여 `Passenger` 테이블에 데이터를 삽입합니다. 이 쿼리에서는 `Grade`` 컬럼에 데이터를 삽입하지 않습니다.
+
[source, sql]
----
mysql> INSERT INTO Passenger (PassengerNo, PassengerName, Age) VALUES (2, '이순신', 44);
Query OK, 1 row affected (0.01 sec)
----
+
. 아래 질의를 수행하여 Passenger 테이블의 데이터를 확인합니다.
+
[source, sql]
----
mysql> SELECT * FROM Passenger;
----
+
결과는 아래와 같습니다. Grade 컬럼에 기본 값인 1이 삽입된 것을 확인합니다.
+
----
+-------------+---------------+-------+------+
| PassengerNo | PassengerName | Grade | Age  |
+-------------+---------------+-------+------+
|           1 | 홍길동         |     7 |   44 |
|           2 | 이순신         |     1 |   44 |
+-------------+---------------+-------+------+
2 rows in set (0.00 sec)
----
+
. 아래 질의를 수행하여 `Passenger` 테이블에 데이터를 삽입합니다. `PassengerName` 컬럼에 값을 삽입하지 않습니다.
+
[source, sql]
----
mysql> INSERT INTO Passenger (PassengerNo, Grade, Age) VALUES (3, 7, 40);
----
+
데이터가 삽입되지 않습니다. PassengerName 컬럼은 NULL 값을 허용하지 않고 기본 값을 지정하지 않았으므로, 도메인 무결성을 위반합니다. 오류 메시지는 아래와 같습니다.
+
----
ERROR 1364 (HY000): Field ‘PassengerName’ doesn’t have a default value;
----
+
. 아래 질의를 수행하여 `Passenger`` 테이블에 데이터를 삽입합니다. 이 쿼리는 `Age` 컬럼에 값을 삽입하지 않습니다.
+
[source, sql]
----
mysql> INSERT INTO Passenger (PassengerNo, PassengerName, Grade) VALUES(3, '안중근', 7);
Query OK, 1 row affected (0.04 sec)
----
+
. 아래 질의를 수행하여 Passenger 테이블의 데이터를 확인합니다.
+
[source, sql]
----
mysql> SELECT * FROM Passenger;
----
+
실행 결과는 아래와 같습니다:
+
----
+-------------+---------------+-------+------+
| PassengerNo | PassengerName | Grade | Age  |
+-------------+---------------+-------+------+
|           1 | 홍길동        |     7 |    44 |
|           2 | 이순신        |     1 |    44 |
|           3 | 안중근        |     7 |  NULL |
+-------------+---------------+-------+------+
3 rows in set (0.00 sec)
----
+
. 아래 질의를 수행하여 Passenger 테이블에 데이터를 삽입합니다.
+
[source, sql]
----
mysql> INSERT INTO Passenger VALUES(4, '김영랑', 9, 54);
Query OK, 1 row affected (0.04 sec)
----
+
. 아래 질의를 수행하여 Passenger 테이블의 데이터를 확인합니다.
+
[source, sql]
----
mysql> SELECT * FROM Passenger;
----
+
실행 결과는 아래와 같습니다:
+
----
+-------------+---------------+-------+------+
| PassengerNo | PassengerName | Grade | Age  |
+-------------+---------------+-------+------+
|           1 | 홍길동         |     7 |   44 |
|           2 | 이순신         |     1 |   44 |
|           3 | 안중근         |     7 | NULL |
|           4 | 김영랑         |     9 |   54 |
+-------------+---------------+-------+------+
3 rows in set (0.00 sec)
----
+
. 아래 질의를 수행하여 Passenger 테이블에 데이터를 삽입합니다. PassengerNo 컬럼에 중복된 값을 삽입합니다.
+
[source, sql]
----
mysql> INSERT INTO Passenger VALUES (4, '김소월',9, 45);
----
+
질의의 수행은 실패합니다. 기본 키 컬럼에 중복된 값이 삽입되는 것은 개체 무결성을 위반합니다. 오류 메시지는 아래와 같습니다.
+
----
ERROR 1062 (23000): Duplicate entry '4' for key 'passenger.PRIMARY'
----
+
. 아래의 세 질의를 수행하여 Passenger 테이블에 데이터를 삽입합니다.
+
[source, sql]
----
mysql> INSERT INTO Passenger VALUES (5, '김소월',9, 45);
mysql> INSERT INTO Passenger VALUES (6, '윤동주', 10, 26);
mysql> INSERT INTO Passenger VALUES (7, '천상병', 8, 55);
----
+
. 아래 질의를 수행하여 Passenger 테이블의 데이터를 확인합니다.
+
[source, sql]
----
mysql> SELECT * FROM Passenger;
----
+
실행 결과는 아래와 같습니다:
+
----
+-------------+---------------+-------+------+
| PassengerNo | PassengerName | Grade | Age  |
+-------------+---------------+-------+------+
|           1 | 홍길동         |     7 |   44 |
|           2 | 이순신         |     1 |   44 |
|           3 | 안중근         |     7 | NULL |
|           4 | 김영랑         |     9 |   54 |
|           5 | 김소월         |     9 |   45 |
|           6 | 윤동주         |    10 |   26 |
|           4 | 천상병         |     8 |   55 |
+-------------+---------------+-------+------+
3 rows in set (0.00 sec)
----

== 연습 3: Aircraft 테이블 생성
이 연습에서는 `Aircraft` 테이블을 생성합니다. `Aircraft` 테이블은 `Flight` 테이블에서 참조하며, 개체 무결성을 위한 `PRIMARY KEY` 제약 조건을 가집니다. `Aircraft` 테이블의 스키마는 아래와 같습니다.

_Aircraft(AircraftNo: Integer, KindOfAircraft: String, Airline: String)_

비행기 종류를 나타내는 `KindOfAircraft` 컬럼은 가변 길이 문자열로, 문자 20자로 제한하며, 소유 항공사를 나타내는 `Airline` 컬럼은 2 바이트 문자열 10자로 제한합니다. 아래 절차에 따릅니다.

1. MySQL 콘솔에서, 아래 명령을 수행하여 현재 연결 컨텍스트를 확인합니다.
+
[source, sql]
----
mysql> SELLECT database();
----
+
실행 결과는 아래와 유사할 것입니다.
+
----
+------------+
| database() |
+------------+
| module06   |
+------------+
----
+
2. 아래 질의를 수행하여 `Aircraft` 테이블을 생성합니다.
A. 테이블의 이름은 `Aircraft` 입니다.
B. `KindOfAIrcraft` 컬럼은 `varchar(20)` 으로 지정합니다.
C. `Airline`` 컬럼의 타입은 `nvarchar(10)` 으로 지정합니다.
+
[source, sql]
----
mysql> CREATE TABLE Aircraft (
    -> AircraftNo int,
    -> KindOfAircraft varchar(20),
    -> Airline varchar(10)
    -> );
Query OK, 0 rows affected, 1 warning (0.02 sec)
----
+
3. 아래 질의를 수행하여 Module06 데이터베이스의 테이블을 확인합니다.
+
[source, sql]
----
mysql> show tables;
----
+
결과는 아래와 같을 것입니다.
+
----
+--------------------+
| Tables_in_module06 |
+--------------------+
| passenger          |
| aircraft           |
+--------------------+
2 row in set (0.00 sec)
----
+
4. 아래 질의를 수행하여 `Aircraft` 테이블의 상세 정보를 확인합니다.
+
[source, sql]
----
mysql> desc Aircraft;
----
+
결과는 아래와 같을 것입니다. 필요한 제약조건이 지정되지 않은 것을 확인합니다.
+
----
+----------------+-------------+------+-----+---------+-------+
| Field          | Type        | Null | Key | Default | Extra |
+----------------+-------------+------+-----+---------+-------+
| AircraftNo     | int         | YES  |     | NULL    |       |
| KindOfAircraft | varchar(20) | YES  |     | NULL    |       |
| Airline        | varchar(10) | YES  |     | NULL    |       |
+----------------+-------------+------+-----+---------+-------+
3 rows in set (0.00 sec)
----
+
5. 아래 질의를 수행하여 `AircraftNo` 컬럼에 기본 키를 지정합니다. 기본 키의 이름은 `pk_Aircraft` 입니다
+
[source, sql]
----
mysql> ALTER TABLE Aircraft ADD CONSTRAINT pk_Aircraft PRIMARY KEY(AircraftNo);
Query OK, 0 rows affected (0.04 sec)
Records: 0  Duplicates: 0  Warnings: 0
----
+
6. 아래 질의를 수행하여 Aircraft 테이블의 상세 정보를 확인합니다.
+
[source, sql]
----
mysql> desc Aircraft
----
+
결과는 아래와 같을 것입니다. 생성된 기본 키 제약 조건을 확인합니다.
+
----
+----------------+-------------+------+-----+---------+-------+
| Field          | Type        | Null | Key | Default | Extra |
+----------------+-------------+------+-----+---------+-------+
| AircraftNo     | int         | NO   | PRI | NULL    |       |
| KindOfAircraft | varchar(20) | YES  |     | NULL    |       |
| Airline        | varchar(10) | YES  |     | NULL    |       |
+----------------+-------------+------+-----+---------+-------+
3 rows in set (0.00 sec)
----
+
7. 아래 질의를 수행하여 `KindOfAircraft`` 컬럼이 널 값을 허용하지 않도록 지정합니다.
+
[source, sql]
----
mysql> ALTER TABLE Aircraft MODIFY COLUMN KindOfAircraft varchar(20) NOT NULL;
Query OK, 0 rows affected (0.04 sec)
Records: 0  Duplicates: 0  Warnings: 0
----
+
8. 아래 질의를 수행하여 `Aircraft` 테이블의 상세 정보를 확인합니다.
+
[source, sql]
----
mysql> desc Aircraft
----
+
결과는 아래와 같을 것입니다. `KindOfAircraft` 컬럼이 `NULL` 을 허용하지 않는 것을 확인합니다.
+
----
+----------------+-------------+------+-----+---------+-------+
| Field          | Type        | Null | Key | Default | Extra |
+----------------+-------------+------+-----+---------+-------+
| AircraftNo     | int         | NO   | PRI | NULL    |       |
| KindOfAircraft | varchar(20) | NO   |     | NULL    |       |
| Airline        | varchar(10) | YES  |     | NULL    |       |
+----------------+-------------+------+-----+---------+-------+
3 rows in set (0.00 sec)
----
+
9. 아래 질의를 수행하여 `Aircraft`` 테이블에 데이터를 삽입합니다.
+
[source, sql]
----
INSERT INTO Aircraft VALUES (101, 'Boeing 747', '대한항공');
Query OK, 1 row affected (0.00 sec)
----
+
10.	아래 질의를 수행하여 `Aircraft` 테이블의 데이터를 확인합니다.
+
[source, sql]
----
mysql> SELECT * FROM Aircraft;
----
+
결과는 아래와 같습니다.
+
----
+------------+----------------+----------+
| AircraftNo | KindOfAircraft | Airline  |
+------------+----------------+----------+
|        101 | Boeing 747     | 대한항공  |
+------------+----------------+----------+
1 row in set (0.00 sec)
----
11.	아래 네 질의를 수행하여 `Aircraft` 테이블에 데이터를 삽입합니다.
+
[source, sql]
----
mysql> INSERT INTO Aircraft VALUES (102, ‘Boeing 727’, ‘대한항공’);
Query OK, 1 row affected (0.00 sec)
mysql> INSERT INTO Aircraft VALUES (103, ‘Airbus A380’, ‘아시아나 항공’);
Query OK, 1 row affected (0.00 sec)
mysql> INSERT INTO Aircraft VALUES (104, ‘Airbus A300’, ‘대한항공’);
Query OK, 1 row affected (0.00 sec)
mysql> INSERT INTO Aircraft VALUES (105, ‘Boeing 737-800’, ‘제주항공’);
Query OK, 1 row affected (0.00 sec)
----
+
12.	아래 질의를 수행하여 `Aircraft` 테이블의 데이터를 확인합니다.
+
[source, sql]
----
mysql> SELECT * FROM Aircraft;
----
+
결과는 아래와 같습니다.
+
----
+------------+----------------+-----------+
| AircraftNo | KindOfAircraft | Airline   |
+------------+----------------+-----------+
|        101 | Boeing 747     | 대한항공   |
|        102 | Boeing 727     | 대한항공   |
|        103 | Airbus A380    | 아시아나항공|
|        104 | Airbus A300    | 대한항공   |
|        105 | Boeing 737-800 | 제주항공   |
+------------+----------------+-----------+
5 rows in set (0.00 sec)
----

== 연습 4: Flight 테이블 생성

이 연습에서는 `Flight` 테이블을 생성합니다. `Flight` 테이블은 `Aircraft` 테이블을 참조하며, 개체 무결성을 위한 `PRIMARY KEY`` 제약 조건과 `Aircraft` 테이블 참조를 위한 `FOREIGN KEY` 제약 조건을 가집니다. `Flight` 테이블의 스키마는 아래와 같습니다.

_Flight(FlightNo: Integer, AircraftNo: Integer, Departure: Int, Arrival: String, FlightDate: Date)_

출발지를 나타내는 `Departures` 컬럼과 도착지를 나타내는 `Arrival` 컬럼은 가변 길이 문자열 10자로 제한하며, 운임을 나타내는 `Price` 컬럼은 `int`, 출발 시간을 나타내는 `FlightDate` 컬럼은 날짜와 시간을 모두 표현할 수 있는 `datetime`` 타입으로 지정합니다. 아래 절차에 따릅니다.

1. MySQL 콘솔에서, 아래 명령을 수행하여 현재 연결 컨텍스트를 확인합니다.
+
[source, sql]
----
mysql> SELLECT database();
----
+
실행 결과는 아래와 유사할 것입니다.
+
----
+------------+
| database() |
+------------+
| module06   |
+------------+
----
+
2.	아래 질의를 수행하여 `Flight` 테이블을 생성합니다.
A.	`FlightNo` 와 `AircraftNo` 컬럼은 `int` 로 지정합니다.
B.	`Deparetures` 컬럼과 `Arrival` 컬럼은 `nvarchar(10)` 로 지정하며, `NULL` 값을 허용하지 않습니다.
C.	`Price` 컬럼은 `int` 로 지정하며, 기본값을 0으로 지정합니다.
D.	`FlightDate` 컬럼은 `Datetime` 으로 지정하며, `NULL` 값을 허용하지 않습니다.
E.	`FlightNo` 컬럼은 `Flight` 테이블의 기본 키로, 기본 키 이름은 `pk_Flight` 로 지정합니다.
F.	`AircraftNo` 컬럼은 `Aircraft` 테이블의 `AircraftNo` 컬럼을 참조하는 외래키로, 외래 키 이름은 `fk_flight_aircraft` 로 지정합니다. 
+
[source, sql]
----
mysql> CREATE TABLE Flight (
    -> FlightNo int,
    -> AircraftNo int,
    -> Deparetures nvarchar(10) NOT NULL,
    -> Arrival nvarchar(10) NOT NULL,
    -> Price int DEFAULT 0,
    -> FlightDate datetime NOT NULL,
    -> CONSTRAINT pk_Flight PRIMARY KEY(FlightNo),
    -> CONSTRAINT fk_Flight_Aircraft FOREIGN KEY(AircraftNo) REFERENCES Aircraft(AircraftNo)
    -> );
Query OK, 0 rows affected, 2 warnings (0.03 sec)
----
+
3. 아래 질의를 수행하여 Module06 데이터베이스의 테이블을 확인합니다.
+
[source, sql]
----
mysql> show tables;
----
+
결과는 아래와 같을 것입니다.
+
----
+--------------------+
| Tables_in_module06 |
+--------------------+
| passenger          |
| flight             |
| aircraft           |
+--------------------+
3 row in set (0.00 sec)
----
+
4. 아래 질의를 수행하여 Flight 테이블의 상세 정보를 확인합니다.
+
[source, sql]
----
mysql> desc Flight;
----
+
결과는 아래와 같을 것입니다.
+
----
+-------------+-------------+------+-----+---------+-------+
| Field       | Type        | Null | Key | Default | Extra |
+-------------+-------------+------+-----+---------+-------+
| FlightNo    | int         | NO   | PRI | NULL    |       |
| AircraftNo  | int         | YES  | MUL | NULL    |       |
| Deparetures | varchar(10) | NO   |     | NULL    |       |
| Arrival     | varchar(10) | NO   |     | NULL    |       |
| Price       | int         | YES  |     | 0       |       |
| FlightDate  | datetime    | NO   |     | NULL    |       |
+-------------+-------------+------+-----+---------+-------+
6 rows in set (0.00 sec)
----
+
5. 아래 질의를 수행하여 `Flight` 테이블에 데이터를 삽입합니다.
+
[source, sql]
----
mysql> INSERT INTO Flight VALUES(1, 101, ‘인천’, ‘샌프란시스코’, 1230000, ‘2022-10-23 10:20’);
Query OK, 1 row affected (0.00 sec)
----
+
6. 아래 질의를 수행하여 `Flight` 테이블의 데이터를 확인합니다.
+
[source, sql]
----
mysql> SELECT * FROM Flight;
----
+
결과는 아래와 같습니다.
+
----
+----------+------------+-------------+--------------+---------+---------------+
| FlightNo | AircraftNo | Deparetures | Arrival      | Price   | FlightDate    |
+----------+------------+-------------+--------------+---------+---------------+
|        1 |      101   | 인천        | 샌프란시스코  | 1230000 |    2022-10-23 |
+----------+------------+-------------+--------------+---------+---------------+
1 row in set (0.00 sec)
----
+
7. 아래 질의를 수행하여 Flight 테이블에 데이터를 삽입합니다.
+
[source, sql]
----
mysql> INSERT INTO Flight VALUES(2, 106, '샌프란시스코', '인천', 1320000, '2022-10-26 13:00');
----
+
질의의 수행은 실패합니다. Aircraft 테이블의 AircraftNo 컬럼은 항공기 번호가 106인 데이터가 존재하지 않으므로, 참조 무결성을 위반합니다. 오류 메시지는 아래와 같습니다.
+
----
ERROR 1452 (23000): Cannot add or update a child row: a foreign key constraint fails (`module06`.`flight`, CONSTRAINT `fk_Flight_Aircraft` FOREIGN KEY (`AircraftNo`) REFERENCES `aircraft` (`AircraftNo`))
----
+
8. 아래 질의를 수행하여 Flight 테이블에 데이터를 삽입합니다.
+
[source, sql]
----
mysql> INSERT INTO Flight VALUES(2, 101, '샌프란시스코', '인천', 1320000, '2022-10-26 13:00');
Query OK, 1 row affected (0.00 sec)
8.	아래 질의를 수행하여 Flight 테이블에 데이터를 삽입합니다.
mysql> INSERT INTO Flight VALUES(3, 105, '김포', '제주', 72000, '2022-11-23 09:00');
Query OK, 1 row affected (0.00 sec)
mysql> INSERT INTO Flight VALUES(4, 105, '김포', '김해', 68000, '2022-11-12 17:30');
Query OK, 1 row affected (0.00 sec)
mysql> INSERT INTO Flight VALUES(5, 103, '인천', '프랑크푸르트', 1480000, '2022-12-01 18:00');
Query OK, 1 row affected (0.00 sec)
mysql> INSERT INTO Flight VALUES(6, 103, '프랑크푸르트', '인천', 1560000, '2022-12-10 10:00');
Query OK, 1 row affected (0.00 sec)
mysql> INSERT INTO Flight VALUES(7, 104, '김해', '김포', 70000, '2022-11-13 11:00');
Query OK, 1 row affected (0.00 sec)
mysql> INSERT INTO Flight VALUES(8, 101, '인천', '샌프란시스코', 1230000, '2022-11-15 10:00');
Query OK, 1 row affected (0.00 sec)
----
+
9. 아래 질의를 수행하여 Flight 테이블의 데이터를 확인합니다.
+
[source, sql]
----
mysql> SELECT * FROM Flight;
----
결과는 아래와 유사할 것입니다.
----
+----------+------------+-------------+--------------+---------+---------------+
| FlightNo | AircraftNo | Deparetures | Arrival      | Price   | FlightDate    |
+----------+------------+-------------+--------------+---------+---------------+
|        1 |       101  | 인천         | 샌프란시스코   | 1230000 | 2022-10-23    |
|        2 |       101  | 샌프란시스코  | 인천          | 1320000 | 2022-10-26    |
|        3 |       105  | 김포         | 제주          |   72000 | 2022-11-23    |
|        4 |       105  | 김포         | 김해          |   68000 | 2022-11-12    |
|        5 |       103  | 인천         | 프랑크푸르트   | 1480000 | 2022-12-01    |
|        6 |       103  | 프랑크푸르트  | 인천          | 1560000 | 2022-12-10    |
|        7 |       104  | 김해         | 김포          |   70000 | 2022-11-13    |
|        8 |       101  | 인천         | 샌프란시스코   | 1230000 | 2022-11-15    |
+----------+------------+-------------+--------------+---------+---------------+
1 row in set (0.00 sec)
----

== 연습 5: Reservation 테이블 생성

이 연습에서는 Reservation 테이블을 생성합니다. Reservation 테이블은 Passenger 테이블과 Flight 테이블을 참조하며, 개체 무결성을 위한 PRIMARY KEY 제약 조건과 Passenger, Flight 두 테이블 참조를 위한 FOREIGN KEY 제약 조건을 가집니다. 

Reservation 테이블의 스키마는 아래와 같습니다.

_Reservation(PassengerNo: Integer, FlightNo: Integer, ReservedDate: Date)_

PassengerNo 컬럼과 FlightNo 두 컬럼이 기본 키를 구성하며, ReservedDate 컬럼은 날짜만을 모두 표현할 수 있는 date 타입으로 지정합니다. 아래 절차에 따릅니다.

1. MySQL 콘솔에서, 아래 명령을 수행하여 현재 연결 컨텍스트를 확인합니다.
+
[source, sql]
----
mysql> SELLECT database();
----
+
실행 결과는 아래와 유사할 것입니다.
+
----
+------------+
| database() |
+------------+
| module06   |
+------------+
----
+
2. 아래 질의를 수행하여 Flight 테이블을 생성합니다.
A.	ReservedDate 컬럼은 날짜와 시간을 모두 표현할 수 있는 datetime 타입으로 지정하며, NULL 값을 허용하지 않습니다.
+
[source, sql]
----
mysql> CREATE TABLE Reservation (
    -> PassengerNo int,
    -> FlightNo int,
    -> ReservedDate date NOT NULL
    -> );
Query OK, 0 rows affected (0.03 sec)
----
+
3. 아래 질의를 수행하여 Module06 데이터베이스의 테이블을 확인합니다.
+
[source, sql]
----
mysql> show tables;
----
+
결과는 아래와 유사할 것입니다
+
----
+--------------------+
| Tables_in_module06 |
+--------------------+
| aircraft           |
| flight             |
| passenger          |
| Reservation        |
+--------------------+
4 row in set (0.00 sec)
----
+
4. 아래 질의를 수행하여 `Reservation` 테이블에 기본 키를 지정합니다.
+
[source, sql]
----
mysql> ALTER TABLE Reservation ADD CONSTRAINT pk_Reservation PRIMARY KEY(PassengerNo, FlightNo);
Query OK, 0 rows affected (0.04 sec)
Records: 0  Duplicates: 0  Warnings: 0
----
+
5. 아래 질의를 수행하여 `Reservation` 테이블의 상세 정보를 확인합니다.
+
[source, sql]
----
mysql> desc reservation;
----
+
결과는 아래와 같습니다.
+
----
+--------------+----------+------+-----+---------+-------+
| Field        | Type     | Null | Key | Default | Extra |
+--------------+----------+------+-----+---------+-------+
| PassengerNo  | int      | NO    | PRI | NULL   |       |
| FlightNo     | int      | NO    | PRI | NULL   |       |
| ReservedDate | datetime | NO    |     | NULL   |       |
+--------------+----------+------+-----+---------+-------+
3 rows in set (0.00 sec)
----
+
6. 아래 질의를 수행하여 `PassengerNo` 컬럼을 `Passenger` 테이블의 `PassengerNo` 컬럼을 참조하는 외래키로 지정합니다. 외래 키의 이름은 `fk_Reservation_Passenger` 로 지정합니다.
+
[source, sql]
----
mysql> ALTER TABLE Reservation ADD CONSTRAINT fk_reservation_passenger FOREIGN KEY(PassengerNo) REFERENCES Passenger(PassengerNo);
Query OK, 0 rows affected (0.05 sec)
Records: 0  Duplicates: 0  Warnings: 0
----
+
7. 아래 질의를 수행하여 `FlightNo` 컬럼을 `Flight` 테이블의 `FlightNo` 컬럼을 참조하는 외래키로 지정합니다. 외래 키의 이름은 `fk_Reservation_Flight` 로 지정합니다.
+
[source, sql]
----
mysql> ALTER TABLE Reservation ADD CONSTRAINT fk_reservation_flight FOREIGN KEY(FlightNo) REFERENCES Flight(FlightNo);
Query OK, 0 rows affected (0.05 sec)
Records: 0  Duplicates: 0  Warnings: 0
----
+
8. 아래 질의를 수행하여 Reservation 컬럼에 생성한 제약 조건을 확인합니다.
+
[source, sql]
----
mysql> SELECT CONSTRAINT_NAME, CONSTRAINT_TYPE, ENFORCED FROM information_schema.table_constraints WHERE table_name = 'Reservation';
----
+
결과는 아래와 유사할 것입니다.
+
----
+--------------------------+-----------------+----------+
| CONSTRAINT_NAME          | CONSTRAINT_TYPE | ENFORCED |
+--------------------------+-----------------+----------+
| PRIMARY                  | PRIMARY KEY     | YES      |
| fk_reservation_flight    | FOREIGN KEY     | YES      |
| fk_reservation_passenger | FOREIGN KEY     | YES      |
+--------------------------+-----------------+----------+
3 rows in set (0.00 sec)
----
+
9. 아래 질의를 수행하여 `Reservation` 테이블에 데이터를 삽입합니다.
+
[source, sql]
----
mysql> INSERT INTO Reservation VALUES (1, 4, '2022-10-22');
Query OK, 1 row affected (0.00 sec)
mysql> INSERT INTO Reservation VALUES (3, 1, '2022-10-20');
Query OK, 1 row affected (0.00 sec)

mysql> INSERT INTO Reservation VALUES (4, 7, '2022-10-11');
Query OK, 1 row affected (0.00 sec)

mysql> INSERT INTO Reservation VALUES (6, 7, '2022-10-21');
Query OK, 1 row affected (0.00 sec)

mysql> INSERT INTO Reservation VALUES (2, 1, '2022-10-11');
Query OK, 1 row affected (0.00 sec)

mysql> INSERT INTO Reservation VALUES (2, 2, '2022-10-11');
Query OK, 1 row affected (0.00 sec)

mysql> INSERT INTO Reservation VALUES (7, 3, '2022-09-11');
Query OK, 1 row affected (0.00 sec)

mysql> INSERT INTO Reservation VALUES (1, 3, '2022-11-09');
Query OK, 1 row affected (0.00 sec)
----
+
10. 아래 질의를 실행하여 `Reservation` 테이블의 데이터를 확인합니다.
+
[source, sql]
----
mysql> SELECT * FROM Reservation;
----
+
결과는 아래와 유사할 것입니다.
+
----
+-------------+----------+--------------+
| PassengerNo | FlightNo | ReservedDate |
+-------------+----------+--------------+
|           1 |        3 | 2022-11-09   |
|           1 |        4 | 2022-10-22   |
|           2 |        1 | 2022-10-11   |
|           2 |        2 | 2022-10-11   |
|           3 |        1 | 2022-10-20   |
|           4 |        7 | 2022-10-11   |
|           6 |        7 | 2022-10-21   |
|           7 |        3 | 2022-09-11   |
+-------------+----------+--------------+
8 rows in set (0.00 sec)
----
+
11.	연습이 종료되었습니다.

link:./10_DML.adoc[다음: DML: Data Manupulation Language, SQL 기본 질의 구조]